[tensorfold] GLM-5.3 runs on four NVIDIA GPUs with 128 GB each (four DGX Sparks): serve with --tp 4 on all four (docs/design/glm-moe-dsa-tp4.md)
[tensorfold] loading glm-5.3-tf: GLM-5.3 (glm_moe_dsa) on CUDA, rank 3 of 4
[E930 20:55:53.062885167 socket.cpp:1028] [c10d] The client socket has timed out after 120000ms while trying to connect to (<fabric-ip>, 29562).
[W930 20:55:53.070117006 TCPStore.cpp:340] [c10d] TCP client failed to connect/validate to host <fabric-ip>:29562 - retrying (try=0, timeout=120000ms, delay=78750ms): The client socket has timed out after 120000ms while trying to connect to (<fabric-ip>, 29562).
Exception raised from throwTimeoutError at /__w/pytorch/pytorch/torch/csrc/distributed/c10d/socket.cpp:1030 (most recent call first):
frame #0: c10::Error::Error(c10::SourceLocation, std::__cxx11::basic_string<char, std::char_traits<char>, std::allocator<char> >) + 0xc8 (0xe1dcb48de158 in /usr/local/lib/python3.12/dist-packages/torch/lib/libc10.so)
frame #1: c10::DistError::DistError(c10::SourceLocation, std::__cxx11::basic_string<char, std::char_traits<char>, std::allocator<char> >) + 0x78 (0xe1dcb48ded48 in /usr/local/lib/python3.12/dist-packages/torch/lib/libc10.so)
frame #2: c10::DistNetworkError::DistNetworkError(c10::SourceLocation, std::__cxx11::basic_string<char, std::char_traits<char>, std::allocator<char> >) + 0x78 (0xe1dcb48df0c8 in /usr/local/lib/python3.12/dist-packages/torch/lib/libc10.so)
frame #3: <unknown function> + 0x714cb34 (0xe1dcd22dcb34 in /usr/local/lib/python3.12/dist-packages/torch/lib/libtorch_cpu.so)
frame #4: <unknown function> + 0x714fe4c (0xe1dcd22dfe4c in /usr/local/lib/python3.12/dist-packages/torch/lib/libtorch_cpu.so)
frame #5: <unknown function> + 0x71501ac (0xe1dcd22e01ac in /usr/local/lib/python3.12/dist-packages/torch/lib/libtorch_cpu.so)
frame #6: <unknown function> + 0x7150710 (0xe1dcd22e0710 in /usr/local/lib/python3.12/dist-packages/torch/lib/libtorch_cpu.so)
frame #7: <unknown function> + 0x70b4a6c (0xe1dcd2244a6c in /usr/local/lib/python3.12/dist-packages/torch/lib/libtorch_cpu.so)
frame #8: c10d::TCPStore::TCPStore(std::__cxx11::basic_string<char, std::char_traits<char>, std::allocator<char> >, c10d::TCPStoreOptions const&) + 0x30c (0xe1dcd224e88c in /usr/local/lib/python3.12/dist-packages/torch/lib/libtorch_cpu.so)
frame #9: <unknown function> + 0x1259ff0 (0xe1dcd7689ff0 in /usr/local/lib/python3.12/dist-packages/torch/lib/libtorch_python.so)
frame #10: <unknown function> + 0x627784 (0xe1dcd6a57784 in /usr/local/lib/python3.12/dist-packages/torch/lib/libtorch_python.so)
frame #11: python3() [0x50332c]
frame #12: python3() [0x4c6d08]
<omitting python frames>
frame #14: python3() [0x5225b8]
frame #15: python3() [0x51db54]
frame #16: <unknown function> + 0x625fdc (0xe1dcd6a55fdc in /usr/local/lib/python3.12/dist-packages/torch/lib/libtorch_python.so)
frame #19: python3() [0x4d08f0]
frame #20: python3() [0x5600a4]
frame #21: python3() [0x503640]
frame #25: python3() [0x522424]
frame #26: python3() [0x51db54]
frame #30: python3() [0x522424]
frame #31: python3() [0x51db54]
frame #35: python3() [0x55ebf8]
frame #36: python3() [0x50332c]
frame #39: python3() [0x68b438]
frame #42: <unknown function> + 0x284c4 (0xe1dd9aa384c4 in /lib/aarch64-linux-gnu/libc.so.6)
frame #43: __libc_start_main + 0x98 (0xe1dd9aa38598 in /lib/aarch64-linux-gnu/libc.so.6)

[tensorfold] RoCE one-shot reduce ready (ranks bit-equal: True; equals the NCCL rank-order sum: True)
[tensorfold] rank 3: tuned 8 linear shapes, 6 retiled: 6144x640 (8, 4)->(4, 8), 2048x4096 (4, 4)->(2, 4), 6144x3072 (8, 4)->(16, 4), 3072x6144 (4, 4)->(1, 8), 6144x512 (8, 4)->(64, 2), 512x6144 (1, 4)->(1, 8)
[tensorfold] rank 3: DFlash2 drafter GLM-5.3-DFlash2 (block 8, taps (5, 19, 33, 47, 61, 75)) - per request "tf_mtp": "dflash"
[tensorfold] rank 3: host anon 1.5 GiB after load, device free 16.7 of 121.6 GiB
[tensorfold] GLM-5.3 rank 3/4: 78 layers loaded in 491s, context 36864 (fused, CUDA graphs; MTP drafts 2; token-level DSA past 2048)
[tensorfold] rank 3: host anon 1.5 GiB, device free 16.7 GiB before warm-up
[tensorfold] rank 3: 150 decode graphs captured in 28.9s (key buckets [None, 4096, 8192, 16384, 32768, 65536])
[tensorfold] rank 3 ready in 527.7s, following rank 0

[2026-09-30 21:09:53] gx10-5482:1:267 [0] transport/net_ib/common.cc:153 (ncclIbAsyncThreadMain) NCCL WARN NET/IB : rocep1s0f1:1 GID table changed

[2026-09-30 21:09:53] gx10-5482:1:267 [0] transport/net_ib/common.cc:153 (ncclIbAsyncThreadMain) NCCL WARN NET/IB : rocep1s0f1:1 GID table changed

[2026-09-30 21:56:51] gx10-5482:1:267 [0] transport/net_ib/common.cc:153 (ncclIbAsyncThreadMain) NCCL WARN NET/IB : rocep1s0f1:1 GID table changed

[2026-09-30 21:56:51] gx10-5482:1:267 [0] transport/net_ib/common.cc:153 (ncclIbAsyncThreadMain) NCCL WARN NET/IB : rocep1s0f1:1 GID table changed
