21:41:24 1=116/0 2=116/0 3=116/0 5=116/0 
21:41:31 1=113/0 2=113/0 3=113/0 5=113/0 
21:41:37 1=112/0 2=112/0 3=112/0 5=112/0 
21:41:43 1=112/0 2=112/0 3=112/0 5=112/0 
21:41:50 1=112/0 2=111/0 3=112/0 5=111/0 
21:41:57 1=111/0 2=109/0 3=110/0 5=109/0 
21:42:04 1=110/0 2=106/0 3=110/0 5=108/0 
21:42:10 1=109/0 2=103/0 3=108/0 5=106/0 
21:42:16 1=107/0 2=101/0 3=106/0 5=105/0 
21:42:23 1=105/0 2=99/0 3=104/0 5=104/0 
21:42:29 1=104/0 2=96/0 3=103/0 5=102/0 
21:42:35 1=103/0 2=94/0 3=101/0 5=100/0 
21:42:42 1=102/0 2=91/0 3=100/0 5=99/0 
21:42:48 1=101/0 2=88/0 3=99/0 5=98/0 
21:42:55 1=99/0 2=86/0 3=97/0 5=96/0 
21:43:01 1=98/0 2=84/0 3=95/0 5=95/0 
21:43:07 1=98/0 2=82/0 3=93/0 5=93/0 
21:43:13 1=97/0 2=79/0 3=92/0 5=92/0 
21:43:20 1=95/0 2=77/0 3=90/0 5=91/0 
21:43:26 1=94/0 2=74/0 3=89/0 5=89/0 
21:43:33 1=93/0 2=72/0 3=88/0 5=88/0 
21:43:39 1=92/0 2=69/0 3=86/0 5=86/0 
21:43:45 1=91/0 2=67/0 3=85/0 5=85/0 
21:43:52 1=91/0 2=64/0 3=84/0 5=84/0 
21:43:58 1=90/0 2=62/0 3=82/0 5=82/0 
21:44:05 1=88/0 2=59/0 3=81/0 5=81/0 
21:44:11 1=87/0 2=56/0 3=79/0 5=80/0 
21:44:18 1=86/0 2=54/0 3=78/0 5=78/0 
21:44:24 1=86/0 2=51/0 3=77/0 5=77/0 
21:44:30 1=84/0 2=49/0 3=75/0 5=75/0 
21:44:36 1=83/0 2=47/0 3=74/0 5=74/0 
21:44:43 1=82/0 2=43/0 3=73/0 5=73/0 
21:44:49 1=81/0 2=43/0 3=72/0 5=71/0 
21:44:55 1=80/0 2=43/0 3=70/0 5=70/0 
21:45:02 1=79/0 2=43/0 3=68/0 5=68/0 
21:45:09 1=78/0 2=43/0 3=67/0 5=67/0 
21:45:15 1=77/0 2=44/0 3=66/0 5=65/0 
21:45:21 1=75/0 2=44/0 3=64/0 5=64/0 
21:45:28 1=74/0 2=43/0 3=62/0 5=62/0 
21:45:34 1=73/0 2=43/0 3=61/0 5=61/0 
21:45:40 1=72/0 2=43/0 3=59/0 5=60/0 
21:45:47 1=71/0 2=43/0 3=58/0 5=58/0 
21:45:53 1=70/0 2=43/0 3=57/0 5=57/0 
21:45:59 1=69/0 2=43/0 3=55/0 5=56/0 
21:46:06 1=68/0 2=43/0 3=54/0 5=54/0 
21:46:13 1=67/0 2=43/0 3=52/0 5=52/0 
21:46:19 1=66/0 2=43/0 3=51/0 5=51/0 
21:46:25 1=65/0 2=43/0 3=49/0 5=49/0 
21:46:32 1=64/0 2=43/0 3=48/0 5=48/0 
21:46:38 1=62/0 2=43/0 3=45/0 5=45/0 
21:46:44 1=62/0 2=43/0 3=44/0 5=44/0 
21:46:51 1=61/0 2=43/0 3=44/0 5=44/0 
21:46:57 1=59/0 2=43/0 3=44/0 5=44/0 
21:47:03 1=58/0 2=43/0 3=44/0 5=44/0 
21:47:10 1=57/0 2=43/0 3=44/0 5=45/0 
21:47:17 1=55/0 2=43/0 3=44/0 5=45/0 
21:47:23 1=55/0 2=43/0 3=44/0 5=45/0 
21:47:29 1=54/0 2=43/0 3=45/0 5=45/0 
21:47:36 1=52/0 2=43/0 3=45/0 5=45/0 
21:47:42 1=51/0 2=43/0 3=45/0 5=45/0 
21:47:48 1=50/0 2=44/0 3=45/0 5=45/0 
21:47:55 1=49/0 2=44/0 3=45/0 5=45/0 
21:48:01 1=48/0 2=44/0 3=45/0 5=45/0 
21:48:07 1=45/0 2=44/0 3=45/0 5=45/0 
21:48:14 1=44/0 2=43/0 3=45/0 5=45/0 
21:48:21 1=44/0 2=44/0 3=45/0 5=45/0 
21:48:27 1=44/0 2=44/0 3=45/0 5=45/0 
21:48:33 1=44/0 2=44/0 3=45/0 5=45/0 
21:48:40 1=44/0 2=44/0 3=45/0 5=45/0 
21:48:46 1=44/0 2=44/0 3=45/0 5=45/0 
21:48:52 1=45/0 2=44/0 3=45/0 5=45/0 
21:48:59 1=45/0 2=44/0 3=45/0 5=45/0 
21:49:05 1=45/0 2=44/0 3=45/0 5=45/0 
21:49:12 1=45/0 2=44/0 3=45/0 5=45/0 
21:49:18 1=45/0 2=44/0 3=45/0 5=45/0 
21:49:25 1=45/0 2=44/0 3=45/0 5=45/0 
21:49:31 1=45/0 2=44/0 3=45/0 5=45/0 
21:49:38 1=45/0 2=44/0 3=44/0 5=43/0 
21:49:44 1=18/0 2=18/0 3=18/0 5=22/0 
21:49:51 1=22/0 2=23/0 3=22/0 5=22/0 
21:49:57 1=20/0 2=20/0 3=20/0 5=19/0 
21:50:03 1=22/0 2=22/0 3=22/0 5=21/0 
21:50:10 1=21/0 2=21/0 3=21/0 5=20/0 
21:50:17 1=20/0 2=20/0 3=19/0 5=19/0 
21:50:23 1=18/0 2=18/0 3=17/0 5=17/0 
21:50:30 1=16/0 2=16/0 3=16/0 5=15/0 
21:50:36 1=15/0 2=16/0 3=16/0 5=15/0 
21:50:42 1=15/0 2=16/0 3=16/0 5=15/0 short-mtp
21:50:49 1=15/0 2=16/0 3=16/0 5=15/0 short-mtp
21:50:55 1=15/0 2=16/0 3=16/0 5=15/0 short-mtp
21:51:02 1=15/0 2=16/0 3=16/0 5=15/0 short-mtp
21:51:08 1=15/0 2=16/0 3=16/0 5=15/0 short-mtp
21:51:15 1=15/0 2=16/0 3=16/0 5=15/0 short-mtp
21:51:22 1=15/0 2=16/0 3=16/0 5=15/0 short-mtp
21:51:29 1=15/0 2=16/0 3=16/0 5=15/0 short-mtp
21:51:36 1=15/0 2=16/0 3=16/0 5=15/0 short-mtp
21:51:42 1=15/0 2=16/0 3=16/0 5=15/0 short-mtp
21:51:49 1=15/0 2=16/0 3=16/0 5=15/0 short-mtp
21:51:55 1=15/0 2=16/0 3=16/0 5=15/0 short-mtp
21:52:02 1=15/0 2=16/0 3=16/0 5=15/0 short-mtp
21:52:08 1=15/0 2=16/0 3=16/0 5=15/0 short-mtp
21:52:15 1=15/0 2=16/0 3=16/0 5=15/0 short-mtp
21:52:21 1=15/0 2=16/0 3=16/0 5=15/0 short-mtp
21:52:28 1=15/0 2=16/0 3=16/0 5=15/0 short-mtp
21:52:35 1=15/0 2=16/0 3=16/0 5=15/0 short-mtp
21:52:42 1=15/0 2=16/0 3=16/0 5=15/0 short-mtp
21:52:48 1=15/0 2=16/0 3=16/0 5=15/0 short-mtp
21:52:55 1=15/0 2=16/0 3=16/0 5=15/0 short-mtp
21:53:01 1=15/0 2=16/0 3=16/0 5=15/0 short-df
21:53:08 1=15/0 2=16/0 3=16/0 5=15/0 short-df
21:53:14 1=15/0 2=16/0 3=16/0 5=15/0 short-df
21:53:21 1=15/0 2=16/0 3=16/0 5=15/0 short-df
21:53:27 1=15/0 2=16/0 3=16/0 5=15/0 short-df
21:53:34 1=15/0 2=16/0 3=16/0 5=15/0 short-df
21:53:41 1=15/0 2=16/0 3=16/0 5=15/0 short-df
21:53:48 1=15/0 2=16/0 3=16/0 5=15/0 short-df
21:53:54 1=15/0 2=16/0 3=16/0 5=15/0 short-df
21:54:01 1=15/0 2=16/0 3=16/0 5=15/0 short-df
21:54:07 1=15/0 2=16/0 3=16/0 5=15/0 short-df
21:54:14 1=15/0 2=16/0 3=16/0 5=15/0 short-df
21:54:20 1=15/0 2=16/0 3=16/0 5=15/0 short-df
21:54:27 1=15/0 2=16/0 3=16/0 5=15/0 short-df
21:54:33 1=15/0 2=16/0 3=16/0 5=15/0 short-df
21:54:40 1=15/0 2=16/0 3=16/0 5=15/0 short-df
21:54:47 1=15/0 2=16/0 3=16/0 5=15/0 short-df
21:54:54 1=15/0 2=16/0 3=16/0 5=15/0 short-df
21:55:00 1=15/0 2=16/0 3=16/0 5=15/0 short-df
21:55:07 1=15/0 2=16/0 3=16/0 5=15/0 short-df
21:55:13 1=15/0 2=16/0 3=16/0 5=15/0 32k-mtp
21:55:20 1=12/0 2=12/0 3=12/0 5=11/0 32k-mtp
21:55:26 1=9/0 2=10/0 3=9/0 5=9/0 32k-mtp
21:55:32 1=9/0 2=9/0 3=9/0 5=9/0 32k-mtp
21:55:39 1=9/0 2=9/0 3=9/0 5=9/0 32k-mtp
21:55:46 1=9/0 2=9/0 3=9/0 5=9/0 32k-mtp
21:55:53 1=9/0 2=9/0 3=9/0 5=9/0 32k-mtp
21:55:59 1=9/0 2=9/0 3=9/0 5=9/0 32k-mtp
21:56:06 1=9/0 2=9/0 3=9/0 5=9/0 32k-mtp
21:56:12 1=9/0 2=9/0 3=9/0 5=9/0 32k-mtp
21:56:19 1=9/0 2=9/0 3=9/0 5=9/0 32k-mtp
21:56:25 1=9/0 2=9/0 3=9/0 5=9/0 32k-mtp
21:56:32 1=9/0 2=9/0 3=9/0 5=9/0 32k-mtp
21:56:38 1=9/0 2=9/0 3=9/0 5=9/0 32k-mtp
21:56:44 1=9/0 2=9/0 3=9/0 5=9/0 32k-mtp
21:56:51 1=9/0 2=9/0 3=9/0 5=9/0 32k-mtp
21:56:58 1=9/0 2=9/0 3=9/0 5=9/0 32k-mtp
21:57:05 1=9/0 2=9/0 3=9/0 5=9/0 32k-mtp
21:57:11 1=9/0 2=9/0 3=9/0 5=9/0 32k-mtp
21:57:18 1=9/0 2=9/0 3=9/0 5=9/0 32k-mtp
21:57:24 1=9/0 2=9/0 3=9/0 5=9/0 32k-mtp
21:57:31 1=9/0 2=9/0 3=9/0 5=9/0 32k-mtp
21:57:37 1=9/0 2=9/0 3=9/0 5=9/0 32k-mtp
21:57:44 1=9/0 2=9/0 3=9/0 5=9/0 32k-mtp
21:57:50 1=9/0 2=9/0 3=9/0 5=9/0 32k-mtp
21:57:57 1=9/0 2=9/0 3=9/0 5=9/0 32k-mtp
21:58:04 1=9/0 2=9/0 3=9/0 5=9/0 32k-mtp
21:58:11 1=9/0 2=9/0 3=9/0 5=9/0 32k-mtp
21:58:17 1=9/0 2=9/0 3=9/0 5=9/0 32k-mtp
21:58:24 1=9/0 2=10/0 3=10/0 5=9/0 32k-mtp
21:58:30 1=9/0 2=9/0 3=10/0 5=9/0 32k-mtp
21:58:37 1=9/0 2=10/0 3=10/0 5=9/0 32k-mtp
21:58:43 1=9/0 2=9/0 3=10/0 5=9/0 32k-mtp
21:58:49 1=9/0 2=10/0 3=10/0 5=9/0 32k-mtp
21:58:56 1=9/0 2=10/0 3=10/0 5=9/0 32k-mtp
21:59:03 1=9/0 2=10/0 3=10/0 5=9/0 32k-mtp
21:59:10 1=9/0 2=10/0 3=10/0 5=9/0 32k-mtp
21:59:16 1=9/0 2=9/0 3=10/0 5=9/0 32k-mtp
21:59:23 1=9/0 2=10/0 3=10/0 5=9/0 32k-mtp
21:59:29 1=9/0 2=9/0 3=10/0 5=9/0 32k-mtp
21:59:36 1=9/0 2=9/0 3=10/0 5=9/0 32k-mtp
21:59:42 1=9/0 2=9/0 3=10/0 5=9/0 32k-mtp
21:59:48 1=9/0 2=10/0 3=10/0 5=9/0 32k-mtp
21:59:55 1=9/0 2=10/0 3=10/0 5=9/0 32k-mtp
22:00:01 1=9/0 2=9/0 3=10/0 5=9/0 32k-mtp
22:00:08 1=9/0 2=9/0 3=10/0 5=9/0 32k-mtp
22:00:15 1=9/0 2=9/0 3=10/0 5=9/0 32k-mtp
22:00:22 1=9/0 2=10/0 3=10/0 5=9/0 32k-mtp
22:00:28 1=9/0 2=9/0 3=10/0 5=9/0 32k-mtp
22:00:34 1=9/0 2=9/0 3=10/0 5=9/0 32k-mtp
22:00:41 1=9/0 2=10/0 3=10/0 5=9/0 32k-mtp
22:00:47 1=9/0 2=9/0 3=10/0 5=9/0 32k-mtp
22:00:54 1=9/0 2=9/0 3=10/0 5=9/0 32k-mtp
22:01:00 1=9/0 2=9/0 3=10/0 5=9/0 32k-mtp
22:01:07 1=9/0 2=9/0 3=10/0 5=9/0 32k-mtp
22:01:14 1=9/0 2=9/0 3=10/0 5=9/0 32k-mtp
22:01:21 1=9/0 2=9/0 3=9/0 5=9/0 32k-mtp
22:01:27 1=9/0 2=9/0 3=10/0 5=9/0 32k-mtp
22:01:34 1=9/0 2=9/0 3=10/0 5=9/0 32k-mtp
22:01:40 1=9/0 2=9/0 3=10/0 5=9/0 32k-mtp
22:01:47 1=9/0 2=9/0 3=10/0 5=9/0 32k-mtp
22:01:53 1=9/0 2=9/0 3=10/0 5=9/0 32k-mtp
22:01:59 1=9/0 2=9/0 3=10/0 5=9/0 32k-mtp
22:02:06 1=9/0 2=9/0 3=10/0 5=9/0 32k-mtp
22:02:12 1=9/0 2=9/0 3=10/0 5=9/0 32k-mtp
22:02:19 1=9/0 2=9/0 3=10/0 5=9/0 32k-mtp
22:02:26 1=9/0 2=9/0 3=10/0 5=9/0 32k-mtp
22:02:33 1=9/0 2=9/0 3=10/0 5=9/0 32k-mtp
22:02:39 1=9/0 2=9/0 3=10/0 5=9/0 32k-mtp
22:02:46 1=9/0 2=9/0 3=10/0 5=9/0 32k-mtp
22:02:52 1=9/0 2=9/0 3=10/0 5=9/0 32k-mtp
22:02:59 1=9/0 2=9/0 3=10/0 5=9/0 32k-df
22:03:05 1=9/0 2=9/0 3=10/0 5=9/0 32k-df
22:03:11 1=9/0 2=9/0 3=10/0 5=9/0 32k-df
22:03:18 1=9/0 2=9/0 3=10/0 5=9/0 32k-df
22:03:25 1=9/0 2=9/0 3=10/0 5=9/0 32k-df
22:03:32 1=9/0 2=9/0 3=10/0 5=9/0 32k-df
22:03:38 1=9/0 2=9/0 3=10/0 5=9/0 32k-df
22:03:45 1=9/0 2=9/0 3=10/0 5=9/0 32k-df
22:03:51 1=9/0 2=9/0 3=10/0 5=9/0 32k-df
22:03:58 1=9/0 2=9/0 3=10/0 5=9/0 32k-df
22:04:04 1=9/0 2=9/0 3=10/0 5=9/0 32k-df
22:04:10 1=9/0 2=9/0 3=10/0 5=9/0 32k-df
22:04:17 1=9/0 2=9/0 3=10/0 5=9/0 32k-df
22:04:23 1=9/0 2=9/0 3=10/0 5=9/0 32k-df
22:04:30 1=9/0 2=9/0 3=10/0 5=9/0 32k-df
22:04:37 1=9/0 2=9/0 3=10/0 5=9/0 32k-df
22:04:44 1=9/0 2=9/0 3=10/0 5=9/0 32k-df
22:04:50 1=9/0 2=9/0 3=10/0 5=9/0 32k-df
22:04:57 1=9/0 2=9/0 3=10/0 5=9/0 32k-df
22:05:03 1=9/0 2=9/0 3=10/0 5=9/0 32k-df
22:05:10 1=9/0 2=9/0 3=10/0 5=9/0 32k-df
22:05:16 1=9/0 2=10/0 3=10/0 5=9/0 32k-df
22:05:23 1=9/0 2=9/0 3=9/0 5=9/0 32k-df
22:05:29 1=9/0 2=9/0 3=10/0 5=9/0 32k-df
22:05:36 1=9/0 2=9/0 3=9/0 5=9/0 32k-df
22:05:43 1=9/0 2=9/0 3=9/0 5=9/0 32k-df
22:05:49 1=9/0 2=9/0 3=10/0 5=9/0 32k-df
22:05:56 1=9/0 2=9/0 3=10/0 5=9/0 32k-df
22:06:02 1=9/0 2=9/0 3=10/0 5=9/0 32k-df
22:06:08 1=9/0 2=9/0 3=10/0 5=9/0 32k-df
22:06:15 1=9/0 2=9/0 3=10/0 5=9/0 32k-df
22:06:21 1=9/0 2=9/0 3=10/0 5=9/0 32k-df
22:06:28 1=9/0 2=9/0 3=10/0 5=9/0 32k-df
22:06:34 1=9/0 2=9/0 3=10/0 5=9/0 32k-df
22:06:41 1=9/0 2=9/0 3=10/0 5=9/0 32k-df
22:06:48 1=9/0 2=9/0 3=10/0 5=9/0 32k-df
22:06:54 1=9/0 2=9/0 3=10/0 5=9/0 32k-df
22:07:01 1=9/0 2=9/0 3=10/0 5=9/0 32k-df
22:07:07 1=9/0 2=9/0 3=10/0 5=9/0 32k-df
22:07:14 1=9/0 2=9/0 3=10/0 5=9/0 32k-df
22:07:20 1=9/0 2=9/0 3=10/0 5=9/0 32k-df
22:07:27 1=9/0 2=9/0 3=10/0 5=9/0 32k-df
22:07:33 1=9/0 2=9/0 3=10/0 5=9/0 32k-df
22:07:39 1=9/0 2=9/0 3=9/0 5=9/0 32k-df
22:07:46 1=9/0 2=9/0 3=9/0 5=9/0 32k-df
22:07:53 1=9/0 2=9/0 3=9/0 5=9/0 32k-df
22:08:00 1=9/0 2=9/0 3=9/0 5=9/0 32k-df
22:08:06 1=9/0 2=9/0 3=9/0 5=9/0 32k-df
22:08:13 1=9/0 2=9/0 3=9/0 5=9/0 32k-df
22:08:19 1=9/0 2=9/0 3=10/0 5=9/0 32k-df
22:08:26 1=9/0 2=9/0 3=10/0 5=9/0 32k-df
22:08:32 1=9/0 2=9/0 3=10/0 5=9/0 32k-df
22:08:38 1=9/0 2=9/0 3=9/0 5=9/0 32k-df
22:08:45 1=9/0 2=9/0 3=10/0 5=9/0 32k-df
22:08:52 1=9/0 2=9/0 3=9/0 5=9/0 32k-df
22:08:59 1=9/0 2=9/0 3=9/0 5=9/0 32k-df
22:09:05 1=9/0 2=9/0 3=10/0 5=9/0 32k-df
22:09:12 1=9/0 2=9/0 3=10/0 5=9/0 32k-df
22:09:18 1=9/0 2=9/0 3=10/0 5=9/0 32k-df
22:09:24 1=9/0 2=9/0 3=10/0 5=9/0 32k-df
22:09:31 1=9/0 2=9/0 3=10/0 5=9/0 32k-df
22:09:37 1=9/0 2=9/0 3=10/0 5=9/0 32k-df
22:09:44 1=9/0 2=9/0 3=10/0 5=9/0 32k-df
22:09:50 1=9/0 2=9/0 3=10/0 5=9/0 32k-df
22:09:57 1=9/0 2=9/0 3=10/0 5=9/0 32k-df
22:10:04 1=9/0 2=9/0 3=10/0 5=9/0 32k-df
22:10:10 1=9/0 2=9/0 3=10/0 5=9/0 32k-df
22:10:17 1=9/0 2=9/0 3=10/0 5=9/0 32k-df
22:10:23 1=9/0 2=9/0 3=10/0 5=9/0 32k-df
22:10:30 1=9/0 2=9/0 3=10/0 5=9/0 pp128k
22:10:36 1=9/0 2=9/0 3=10/0 5=9/0 pp128k
22:10:42 1=9/0 2=9/0 3=10/0 5=9/0 pp128k
22:10:49 1=9/0 2=9/0 3=10/0 5=9/0 pp128k
22:10:55 1=9/0 2=9/0 3=10/0 5=9/0 pp128k
22:11:02 1=9/0 2=9/0 3=9/0 5=9/0 pp128k
22:11:09 1=9/0 2=9/0 3=10/0 5=9/0 pp128k
22:11:16 1=9/0 2=9/0 3=9/0 5=9/0 pp128k
22:11:22 1=9/0 2=9/0 3=9/0 5=9/0 pp128k
22:11:29 1=9/0 2=9/0 3=9/0 5=9/0 pp128k
22:11:35 1=9/0 2=9/0 3=9/0 5=9/0 pp128k
22:11:41 1=9/0 2=9/0 3=9/0 5=9/0 pp128k
22:11:48 1=9/0 2=9/0 3=10/0 5=9/0 pp128k
22:11:54 1=9/0 2=9/0 3=10/0 5=9/0 pp128k
22:12:01 1=9/0 2=9/0 3=10/0 5=9/0 pp128k
22:12:08 1=9/0 2=9/0 3=9/0 5=9/0 pp128k
22:12:14 1=9/0 2=9/0 3=9/0 5=9/0 pp128k
22:12:21 1=9/0 2=9/0 3=10/0 5=9/0 pp128k
22:12:27 1=9/0 2=9/0 3=10/0 5=9/0 pp128k
22:12:34 1=9/0 2=9/0 3=10/0 5=9/0 pp128k
22:12:40 1=9/0 2=9/0 3=9/0 5=9/0 end
22:12:46 1=9/0 2=9/0 3=10/0 5=9/0 end
