opt1/1-bench_exl3_experts_decode_.log: 
opt1/1-test_exl3_experts_decode_paths_.log: 16 passed in 40.98s
opt1/1-test_exl3_experts_.log: 1 failed, 62 passed, 14 skipped in 1.01s
opt1/1-test_group_kernel_smem_.log: 6 passed, 1 skipped in 0.47s
opt1/2-test_glm53_l2pf_.log: 8 passed, 14 warnings in 184.16s (0:03:04)
opt1/2-test_glm53_mtp_reuse_.log: 2 passed, 15 warnings in 162.94s (0:02:42)
opt1/2-test_glm53_side_stream_.log: 2 passed, 15 warnings in 134.49s (0:02:14)
opt1/2-test_glm_moe_dsa_fused_.log: 11 passed, 16 warnings in 1266.13s (0:21:06)
opt1/2-test_glm_moe_dsa_index_bucket_.log: 9 passed, 1 warning in 10.38s
opt1/3-test_glm_moe_dsa_engine_.log: 1 failed, 14 warnings in 263.86s (0:04:23)
opt1/3-test_glm_moe_dsa_engineTF_GLM53_VERIFY_HEAD_fp8_.log: 1 failed, 14 warnings in 98.49s (0:01:38)
opt1/3-test_glm_moe_dsa_multi_.log: 1 failed, 1 passed, 15 warnings in 163.27s (0:02:43)
opt1/3-test_glm_moe_dsa_reuse_.log: 5 passed, 14 warnings in 471.35s (0:07:51)
opt1/5-test_cuda_nucleus_.log: 10 passed in 3.07s
opt1/5-test_cuda_server_health_.log: 6 passed in 0.23s
opt1/5-test_glm53_depth_policy_.log: 6 passed in 0.03s
opt1/5-test_glm_moe_dsa_multi_dflash_.log: 1 failed, 1 passed, 14 warnings in 236.08s (0:03:56)
opt1/5-test_glm_moe_dsa_prefixes_.log: 23 passed in 0.14s
opt1/5-test_glm_moe_dsa_rank_checks_.log: 2 passed in 1.37s
opt1/5-test_sampling_.log: 4 passed in 0.44s
opt1b/5-test_glm_moe_dsa_engine_.log: 1 failed, 14 warnings in 259.69s (0:04:19)
opt1b/5-test_glm_moe_dsa_multi_dflash_.log: 1 failed, 2 passed, 15 warnings in 231.35s (0:03:51)
opt2/2-test_glm_moe_dsa_multiCUDA_MODULE_LOADING_EAGER_.log: 8 passed, 1 skipped, 15 warnings in 944.43s (0:15:44)
opt2/3-test_glm_moe_dsa_multi_dflashCUDA_MODULE_LOADING_EAGER_.log: 3 passed, 1 skipped, 15 warnings in 546.44s (0:09:06)
bisL/1-test_glm_moe_dsa_engineTF_GLM53_L2PF_0_.log: 1 failed, 14 warnings in 250.05s (0:04:10)
bisS/5-test_glm_moe_dsa_engine_.log: 
bisS/5-test_glm_moe_dsa_engineTF_GLM53_SIDE_0_.log: 1 failed, 14 warnings in 275.99s (0:04:35)
bisE/1-test_glm_moe_dsa_engineCUDA_MODULE_LOADING_EAGER_.log: 
